
> unotop-mvp@0.9.0 test
> npm run test:clean && vitest run tests/pr34-acceptance.test.ts


> unotop-mvp@0.9.0 test:clean
> rimraf node_modules/.vitest || true


[7m[1m[36m RUN [39m[22m[27m [36mv1.6.1[39m [90mC:/Users/Adam/Desktop/unotop-mvp[39m

[90mstdout[2m | tests/pr34-acceptance.test.ts[2m > [22m[2mPR-34 Akcepta─ìn├⌐ testy[2m > [22m[2mTask 8: 0/600/20 Balanced (bug fix valid├ícia)[2m > [22m[2mBalanced mix m├í gold Γëñ 20%, yield > Conservative, NO validation errors[22m[39m
[Telemetry] warning_shown: {
  type: [32m'info'[39m,
  scope: [32m'minimums'[39m,
  dedupeKey: [32m'minimum-bonds'[39m,
  message: [32m'Dlhopisy nedostupn├⌐ pri va┼íich vkladoch (min. 2┬á500 Γé¼ jednorazovo). Alok├ícia presunut├í: ETF, Pracuj├║ca rezerva ΓÇô IAD DK.'[39m,
  timestamp: [32m'2025-11-27T18:17:51.532Z'[39m
}
[Telemetry] warning_shown: {
  type: [32m'info'[39m,
  scope: [32m'minimums'[39m,
  dedupeKey: [32m'minimum-bond3y9'[39m,
  message: [32m'Dlhopisy 3-9r nedostupn├⌐ pri va┼íich vkladoch (min. 2┬á500 Γé¼ jednorazovo). Alok├ícia presunut├í: ETF, Pracuj├║ca rezerva ΓÇô IAD DK.'[39m,
  timestamp: [32m'2025-11-27T18:17:51.535Z'[39m
}
[applyMinimums DEBUG] dyn 10%, lump=0, monthly=600, available=true
[Telemetry] warning_shown: {
  type: [32m'info'[39m,
  scope: [32m'minimums'[39m,
  dedupeKey: [32m'minimum-real'[39m,
  message: [32m'Reality nedostupn├⌐ pri va┼íich vkladoch (min. 300┬á000 Γé¼ jednorazovo). Alok├ícia presunut├í: ETF, Pracuj├║ca rezerva ΓÇô IAD DK.'[39m,
  timestamp: [32m'2025-11-27T18:17:51.535Z'[39m
}
[DEBUG STEP 5.5A DOWN-TUNE] [{"k":"gold","p":"40.2"},{"k":"etf","p":"19.3"},{"k":"dyn","p":"36.0"},{"k":"cash","p":"7.0"}]
[enforceStageCaps] gold clamped 40.2% ΓåÆ 40% (stage=STARTER, riskPref=vyvazeny)
[Telemetry] policy_adjustment: {
  stage: [32m'STARTER'[39m,
  riskPref: [32m'vyvazeny'[39m,
  reason: [32m'gold_cap'[39m,
  asset: [32m'gold'[39m,
  pct_before: [33m40.16[39m,
  pct_after: [33m40[39m,
  cap: [33m40[39m,
  timestamp: [32m'2025-11-27T18:17:51.543Z'[39m
}
[enforceStageCaps] dyn clamped 36.0% ΓåÆ 15% (stage=STARTER, riskPref=vyvazeny)
[Telemetry] policy_adjustment: {
  stage: [32m'STARTER'[39m,
  riskPref: [32m'vyvazeny'[39m,
  reason: [32m'dyn_cap'[39m,
  asset: [32m'dyn'[39m,
  pct_before: [33m36.04[39m,
  pct_after: [33m15[39m,
  cap: [33m15[39m,
  timestamp: [32m'2025-11-27T18:17:51.543Z'[39m
}
[DEBUG STEP 6 enforceStageCaps] [{"k":"gold","p":"40.0"},{"k":"etf","p":"40.5"},{"k":"dyn","p":"15.0"},{"k":"cash","p":"7.0"}]
[CashCapPolicy] Stage caps hit ΓåÆ reallocating: gold 0.0% (room 0.0%), ETF 0.0% (room 9.5%)
[CashCapPolicy] Applied for vyvazeny: 7.0% ΓåÆ 7% (excess 0.0% ΓåÆ 0.0% gold + 0.0% ETF)
[MixAdjustments] FINAL Cash cap applied: 0.0% reallocated (0.0% gold + 0.0% ETF)
[DEBUG STEP 7 applyCashCap] [{"k":"gold","p":"40.0"},{"k":"etf","p":"40.5"},{"k":"dyn","p":"15.0"},{"k":"cash","p":"7.0"}]
[MixAdjustments] STEP 7.5: Applying profile asset policy...
[ProfileAssetPolicy] Profile: vyvazeny, Volume: 144,000 EUR ΓåÆ Band: PREMIUM
[ProfileAssetPolicy] dyn: 15.0% ΓåÆ 10.0% (cap enforced, overflow 5.0%)
[ProfileAssetPolicy] Redistributing 5.0% overflow to core assets: gold, etf, bonds, bond3y9
[ProfileAssetPolicy]   ΓåÆ etf +0.4% (room 9.5%)
[ProfileAssetPolicy]   ΓåÆ bonds +3.7% (room 100.0%)
[ProfileAssetPolicy]   ΓåÆ bond3y9 +0.9% (room 25.0%)
[MixAdjustments] Profile policy applied: dyn capped
[DEBUG STEP 7.5 applyProfileAssetPolicy] [{"k":"gold","p":"40.0"},{"k":"etf","p":"40.9"},{"k":"bonds","p":"3.7"},{"k":"bond3y9","p":"0.9"},{"k":"dyn","p":"10.0"},{"k":"cash","p":"7.0"}]
[EnforceRiskCap] Initial risk: 7.11 / max 7.00
[EnforceRiskCap] dyn 10.0% <= profile cap 10%, skip ┼íkrtania
[EnforceRiskCap] Iteration 1: etf 40.85% ΓåÆ 35.85% (-5.00 p.b.)
[EnforceRiskCap]   ΓåÆ bonds +2.00 p.b. (weight 0.40, room 36.3%)
[EnforceRiskCap]   ΓåÆ bond3y9 +0.90 p.b. (weight 0.30, room 39.1%)
[EnforceRiskCap]   ΓåÆ gold FULL (40.0% >= 20% cap), skip
[EnforceRiskCap]   ΓåÆ cash +0.21 p.b. (weight 0.10, room 43.0%)
[EnforceRiskCap] After iteration 1: risk 6.88
[EnforceRiskCap] Final: 7.11 ΓåÆ 6.88 (1 iterations)
[MixAdjustments] Risk cap enforced: 7.11 ΓåÆ 6.88 (1 iterations)
[DEBUG STEP 8 enforceRiskCap] [{"k":"gold","p":"40.8"},{"k":"etf","p":"36.5"},{"k":"bonds","p":"5.8"},{"k":"bond3y9","p":"1.9"},{"k":"dyn","p":"10.2"},{"k":"cash","p":"7.3"}]
[MixAdjustments] STEP 10: Yield optimization (after risk enforcement)...
[ProfileAssetPolicy] Profile: vyvazeny, Volume: 144,000 EUR ΓåÆ Band: PREMIUM
[YieldOptimizer] START: Risk 6.88 / 7.0, Yield 11.12%, Room 0.12
[YieldOptimizer] Risk limit: 7.0 (riskCap) ΓåÆ 8.0 (optimizer headroom +1.0)
[YieldOptimizer] No beneficial move found, stopping
[YieldOptimizer Safety] Clamped gold 40.8% ΓåÆ 20%
[YieldOptimizer Safety] Redistributed 10.39 p.b. ΓåÆ bonds
[YieldOptimizer Safety] Redistributed 7.27 p.b. ΓåÆ bond3y9
[YieldOptimizer Safety] Redistributed 3.12 p.b. ΓåÆ gold
[MixAdjustments] FINAL STEP: normalizeAndClampMix...
[MixAdjustments DEBUG] PRED normalizeAndClampMix: [{"k":"gold","p":"23.1"},{"k":"etf","p":"36.5"},{"k":"bonds","p":"16.2"},{"k":"bond3y9","p":"9.1"},{"k":"dyn","p":"10.2"},{"k":"cash","p":"7.3"}]
[MixAdjustments Clamp] gold 23.1% ΓåÆ 20%
[MixAdjustments Clamp] Deficit 3.11% ΓåÆ redistributed to safety sinks
[MixAdjustments DEBUG] PO normalizeAndClampMix: [{"k":"gold","p":"20.0"},{"k":"etf","p":"36.5"},{"k":"bonds","p":"17.9"},{"k":"bond3y9","p":"10.5"},{"k":"dyn","p":"10.2"},{"k":"cash","p":"7.3"}]
[applyMinimums DEBUG] dyn 5%, lump=0, monthly=600, available=true
[DEBUG STEP 5.5A DOWN-TUNE] [{"k":"gold","p":"61.0"},{"k":"etf","p":"0.1"},{"k":"dyn","p":"31.3"},{"k":"cash","p":"10.1"}]
[ConservativeGuard] Risk elevated but within tolerance: diff 0.00 <= 1
[enforceStageCaps] gold clamped 61.0% ΓåÆ 40% (stage=STARTER, riskPref=konzervativny)
[Telemetry] policy_adjustment: {
  stage: [32m'STARTER'[39m,
  riskPref: [32m'konzervativny'[39m,
  reason: [32m'gold_cap'[39m,
  asset: [32m'gold'[39m,
  pct_before: [33m61[39m,
  pct_after: [33m40[39m,
  cap: [33m40[39m,
  timestamp: [32m'2025-11-27T18:17:51.553Z'[39m
}
[enforceStageCaps] dyn clamped 31.3% ΓåÆ 15% (stage=STARTER, riskPref=konzervativny)
[Telemetry] policy_adjustment: {
  stage: [32m'STARTER'[39m,
  riskPref: [32m'konzervativny'[39m,
  reason: [32m'dyn_cap'[39m,
  asset: [32m'dyn'[39m,
  pct_before: [33m31.33[39m,
  pct_after: [33m15[39m,
  cap: [33m15[39m,
  timestamp: [32m'2025-11-27T18:17:51.553Z'[39m
}
[DEBUG STEP 6 enforceStageCaps] [{"k":"gold","p":"40.0"},{"k":"etf","p":"37.4"},{"k":"dyn","p":"15.0"},{"k":"cash","p":"10.1"}]
[CashCapPolicy] Stage caps hit ΓåÆ reallocating: gold 0.0% (room 0.0%), ETF 0.1% (room 12.6%)
[CashCapPolicy] Applied for konzervativny: 10.1% ΓåÆ 10% (excess 0.1% ΓåÆ 0.0% gold + 0.1% ETF)
[MixAdjustments] FINAL Cash cap applied: 0.1% reallocated (0.0% gold + 0.1% ETF)
[DEBUG STEP 7 applyCashCap] [{"k":"gold","p":"40.0"},{"k":"etf","p":"37.5"},{"k":"dyn","p":"15.0"},{"k":"cash","p":"10.0"}]
[MixAdjustments] STEP 7.5: Applying profile asset policy...
[ProfileAssetPolicy] Profile: konzervativny, Volume: 144,000 EUR ΓåÆ Band: PREMIUM
[ProfileAssetPolicy] etf: 37.5% ΓåÆ 20.0% (cap enforced, overflow 17.5%)
[ProfileAssetPolicy] dyn: 15.0% ΓåÆ 7.0% (cap enforced, overflow 8.0%)
[ProfileAssetPolicy] Redistributing 25.5% overflow to core assets: gold, bonds, bond3y9, cash
[ProfileAssetPolicy]   ΓåÆ bonds +20.9% (room 100.0%)
[ProfileAssetPolicy]   ΓåÆ bond3y9 +2.5% (room 12.0%)
[ProfileAssetPolicy]   ΓåÆ cash +2.1% (room 10.0%)
[MixAdjustments] Profile policy applied: etf, dyn capped
[DEBUG STEP 7.5 applyProfileAssetPolicy] [{"k":"gold","p":"40.0"},{"k":"etf","p":"20.0"},{"k":"bonds","p":"20.9"},{"k":"bond3y9","p":"2.5"},{"k":"dyn","p":"7.0"},{"k":"cash","p":"12.1"}]
[EnforceRiskCap] Initial risk: 4.37 / max 5.00
[DEBUG STEP 8 enforceRiskCap] [{"k":"gold","p":"40.0"},{"k":"etf","p":"20.0"},{"k":"bonds","p":"20.9"},{"k":"bond3y9","p":"2.5"},{"k":"dyn","p":"7.0"},{"k":"cash","p":"12.1"}]
[MixAdjustments] STEP 10: Yield optimization (after risk enforcement)...
[ProfileAssetPolicy] Profile: konzervativny, Volume: 144,000 EUR ΓåÆ Band: PREMIUM
[YieldOptimizer] START: Risk 4.37 / 5.0, Yield 9.12%, Room 0.63
[YieldOptimizer] Risk limit: 5.0 (riskCap) ΓåÆ 6.0 (optimizer headroom +1.0)
[YieldOptimizer] Move 1: IAD DK ΓåÆ Bond 9% (+0.15% yield, risk 4.39)
[YieldOptimizer] Move 2: IAD DK ΓåÆ Bond 9% (+0.15% yield, risk 4.41)
[YieldOptimizer] Move 3: IAD DK ΓåÆ Bond 9% (+0.15% yield, risk 4.43)
[YieldOptimizer] DONE: 3 moves applied, Yield 9.12% ΓåÆ 9.57% (+0.45%), Risk 4.37 ΓåÆ 4.43
[MixAdjustments] Yield optimized: IAD DK ΓåÆ Bond 9%, IAD DK ΓåÆ Bond 9%, IAD DK ΓåÆ Bond 9% (Yield 9.12% ΓåÆ 9.57%)
[MixAdjustments] FINAL STEP: normalizeAndClampMix...
[MixAdjustments DEBUG] PRED normalizeAndClampMix: [{"k":"gold","p":"40.0"},{"k":"etf","p":"20.0"},{"k":"bonds","p":"20.9"},{"k":"bond3y9","p":"8.5"},{"k":"dyn","p":"7.0"},{"k":"cash","p":"6.1"}]
[MixAdjustments DEBUG] PO normalizeAndClampMix: [{"k":"gold","p":"40.0"},{"k":"etf","p":"20.0"},{"k":"bonds","p":"20.9"},{"k":"bond3y9","p":"8.5"},{"k":"dyn","p":"7.0"},{"k":"cash","p":"6.1"}]
[Task 8 DEBUG] Balanced mix: [{"k":"gold","p":"20.0"},{"k":"etf","p":"36.5"},{"k":"bonds","p":"17.9"},{"k":"bond3y9","p":"10.5"},{"k":"dyn","p":"10.2"},{"k":"cash","p":"7.3"}]
[Task 8 DEBUG] Conservative mix: [{"k":"gold","p":"40.0"},{"k":"etf","p":"20.0"},{"k":"bonds","p":"20.9"},{"k":"bond3y9","p":"8.5"},{"k":"dyn","p":"7.0"},{"k":"cash","p":"6.1"}]

[90mstdout[2m | tests/pr34-acceptance.test.ts[2m > [22m[2mPR-34 Akcepta─ìn├⌐ testy[2m > [22m[2mTask 9: Akcepta─ìn├⌐ testy (3 scen├íre ├ù 3 profily)[2m > [22m[2m0/600/20: yield_C < yield_B < yield_G, risk_C < risk_B < risk_G, gold hierarchy[22m[39m
[applyMinimums DEBUG] dyn 5%, lump=0, monthly=600, available=true
[DEBUG STEP 5.5A DOWN-TUNE] [{"k":"gold","p":"61.0"},{"k":"etf","p":"0.1"},{"k":"dyn","p":"31.3"},{"k":"cash","p":"10.1"}]
[ConservativeGuard] Risk elevated but within tolerance: diff 0.00 <= 1
[DEBUG STEP 6 enforceStageCaps] [{"k":"gold","p":"40.0"},{"k":"etf","p":"37.5"},{"k":"dyn","p":"15.0"},{"k":"cash","p":"10.0"}]
[DEBUG STEP 7 applyCashCap] [{"k":"gold","p":"40.0"},{"k":"etf","p":"37.5"},{"k":"dyn","p":"15.0"},{"k":"cash","p":"10.0"}]
[MixAdjustments] STEP 7.5: Applying profile asset policy...
[ProfileAssetPolicy] Profile: konzervativny, Volume: 144,000 EUR ΓåÆ Band: PREMIUM
[ProfileAssetPolicy] etf: 37.5% ΓåÆ 20.0% (cap enforced, overflow 17.5%)
[ProfileAssetPolicy] dyn: 15.0% ΓåÆ 7.0% (cap enforced, overflow 8.0%)
[ProfileAssetPolicy] Redistributing 25.5% overflow to core assets: gold, bonds, bond3y9, cash
[ProfileAssetPolicy]   ΓåÆ bonds +20.9% (room 100.0%)
[ProfileAssetPolicy]   ΓåÆ bond3y9 +2.5% (room 12.0%)
[ProfileAssetPolicy]   ΓåÆ cash +2.1% (room 10.0%)
[MixAdjustments] Profile policy applied: etf, dyn capped
[DEBUG STEP 7.5 applyProfileAssetPolicy] [{"k":"gold","p":"40.0"},{"k":"etf","p":"20.0"},{"k":"bonds","p":"20.9"},{"k":"bond3y9","p":"2.5"},{"k":"dyn","p":"7.0"},{"k":"cash","p":"12.1"}]
[EnforceRiskCap] Initial risk: 4.37 / max 5.00
[DEBUG STEP 8 enforceRiskCap] [{"k":"gold","p":"40.0"},{"k":"etf","p":"20.0"},{"k":"bonds","p":"20.9"},{"k":"bond3y9","p":"2.5"},{"k":"dyn","p":"7.0"},{"k":"cash","p":"12.1"}]
[MixAdjustments] STEP 10: Yield optimization (after risk enforcement)...
[ProfileAssetPolicy] Profile: konzervativny, Volume: 144,000 EUR ΓåÆ Band: PREMIUM
[YieldOptimizer] START: Risk 4.37 / 5.0, Yield 9.12%, Room 0.63
node.exe : [90mstderr[2m | tests/pr34-acceptance.test.ts[2m 
> [22m[2mPR-34 Akcepta─ìn├⌐ testy[2m > [22m[2mTask 8: 
0/600/20 Balanced (bug fix valid├ícia)[2m > [22m[2mBalanced 
mix m├í gold Γëñ 20%, yield > Conservative, NO validation 
errors[22m[39m
At line:1 char:1
+ & "C:\Program Files\nodejs/node.exe" "C:\Program 
Files\nodejs/node_mo ...
+ ~~~~~~~~~~~~~~~~~~~~~~~~~~~~~~~~~~~~~~~~~~~~~~~~~~~~~~~~~~~~~~
~~~~~~~
    + CategoryInfo          : NotSpecified: ([90mstderr[2m... 
   rrors[22m[39m:String) [], RemoteException
    + FullyQualifiedErrorId : NativeCommandError
 
[EnforceRiskCap] Cannot redistribute 1.89 p.b. (will retry or 
switch to direct cut)

[YieldOptimizer] Risk limit: 5.0 (riskCap) ΓåÆ 6.0 (optimizer headroom +1.0)
[YieldOptimizer] Move 1: IAD DK ΓåÆ Bond 9% (+0.15% yield, risk 4.39)
[YieldOptimizer] Move 2: IAD DK ΓåÆ Bond 9% (+0.15% yield, risk 4.41)
[YieldOptimizer] Move 3: IAD DK ΓåÆ Bond 9% (+0.15% yield, risk 4.43)
[YieldOptimizer] DONE: 3 moves applied, Yield 9.12% ΓåÆ 9.57% (+0.45%), Risk 4.37 ΓåÆ 4.43
[MixAdjustments] Yield optimized: IAD DK ΓåÆ Bond 9%, IAD DK ΓåÆ Bond 9%, IAD DK ΓåÆ Bond 9% (Yield 9.12% ΓåÆ 9.57%)
[MixAdjustments] FINAL STEP: normalizeAndClampMix...
[MixAdjustments DEBUG] PRED normalizeAndClampMix: [{"k":"gold","p":"40.0"},{"k":"etf","p":"20.0"},{"k":"bonds","p":"20.9"},{"k":"bond3y9","p":"8.5"},{"k":"dyn","p":"7.0"},{"k":"cash","p":"6.1"}]
[MixAdjustments DEBUG] PO normalizeAndClampMix: [{"k":"gold","p":"40.0"},{"k":"etf","p":"20.0"},{"k":"bonds","p":"20.9"},{"k":"bond3y9","p":"8.5"},{"k":"dyn","p":"7.0"},{"k":"cash","p":"6.1"}]
[applyMinimums DEBUG] dyn 10%, lump=0, monthly=600, available=true
[DEBUG STEP 5.5A DOWN-TUNE] [{"k":"gold","p":"40.2"},{"k":"etf","p":"19.3"},{"k":"dyn","p":"36.0"},{"k":"cash","p":"7.0"}]
[DEBUG STEP 6 enforceStageCaps] [{"k":"gold","p":"40.0"},{"k":"etf","p":"40.5"},{"k":"dyn","p":"15.0"},{"k":"cash","p":"7.0"}]
[DEBUG STEP 7 applyCashCap] [{"k":"gold","p":"40.0"},{"k":"etf","p":"40.5"},{"k":"dyn","p":"15.0"},{"k":"cash","p":"7.0"}]
[MixAdjustments] STEP 7.5: Applying profile asset policy...
[ProfileAssetPolicy] Profile: vyvazeny, Volume: 144,000 EUR ΓåÆ Band: PREMIUM
[ProfileAssetPolicy] dyn: 15.0% ΓåÆ 10.0% (cap enforced, overflow 5.0%)
[ProfileAssetPolicy] Redistributing 5.0% overflow to core assets: gold, etf, bonds, bond3y9
[ProfileAssetPolicy]   ΓåÆ etf +0.4% (room 9.5%)
[ProfileAssetPolicy]   ΓåÆ bonds +3.7% (room 100.0%)
[ProfileAssetPolicy]   ΓåÆ bond3y9 +0.9% (room 25.0%)
[MixAdjustments] Profile policy applied: dyn capped
[DEBUG STEP 7.5 applyProfileAssetPolicy] [{"k":"gold","p":"40.0"},{"k":"etf","p":"40.9"},{"k":"bonds","p":"3.7"},{"k":"bond3y9","p":"0.9"},{"k":"dyn","p":"10.0"},{"k":"cash","p":"7.0"}]
[EnforceRiskCap] Initial risk: 7.11 / max 7.00
[EnforceRiskCap] dyn 10.0% <= profile cap 10%, skip ┼íkrtania
[EnforceRiskCap] Iteration 1: etf 40.85% ΓåÆ 35.85% (-5.00 p.b.)
[EnforceRiskCap]   ΓåÆ bonds +2.00 p.b. (weight 0.40, room 36.3%)
[EnforceRiskCap]   ΓåÆ bond3y9 +0.90 p.b. (weight 0.30, room 39.1%)
[EnforceRiskCap]   ΓåÆ gold FULL (40.0% >= 20% cap), skip
[EnforceRiskCap]   ΓåÆ cash +0.21 p.b. (weight 0.10, room 43.0%)
[EnforceRiskCap] After iteration 1: risk 6.88
[EnforceRiskCap] Final: 7.11 ΓåÆ 6.88 (1 iterations)
[MixAdjustments] Risk cap enforced: 7.11 ΓåÆ 6.88 (1 iterations)
[DEBUG STEP 8 enforceRiskCap] [{"k":"gold","p":"40.8"},{"k":"etf","p":"36.5"},{"k":"bonds","p":"5.8"},{"k":"bond3y9","p":"1.9"},{"k":"dyn","p":"10.2"},{"k":"cash","p":"7.3"}]
[MixAdjustments] STEP 10: Yield optimization (after risk enforcement)...
[ProfileAssetPolicy] Profile: vyvazeny, Volume: 144,000 EUR ΓåÆ Band: PREMIUM
[YieldOptimizer] START: Risk 6.88 / 7.0, Yield 11.12%, Room 0.12
[YieldOptimizer] Risk limit: 7.0 (riskCap) ΓåÆ 8.0 (optimizer headroom +1.0)
[YieldOptimizer] No beneficial move found, stopping
[YieldOptimizer Safety] Clamped gold 40.8% ΓåÆ 20%
[YieldOptimizer Safety] Redistributed 10.39 p.b. ΓåÆ bonds
[YieldOptimizer Safety] Redistributed 7.27 p.b. ΓåÆ bond3y9
[YieldOptimizer Safety] Redistributed 3.12 p.b. ΓåÆ gold
[MixAdjustments] FINAL STEP: normalizeAndClampMix...
[MixAdjustments DEBUG] PRED normalizeAndClampMix: [{"k":"gold","p":"23.1"},{"k":"etf","p":"36.5"},{"k":"bonds","p":"16.2"},{"k":"bond3y9","p":"9.1"},{"k":"dyn","p":"10.2"},{"k":"cash","p":"7.3"}]
[MixAdjustments Clamp] gold 23.1% ΓåÆ 20%
[MixAdjustments Clamp] Deficit 3.11% ΓåÆ redistributed to safety sinks
[MixAdjustments DEBUG] PO normalizeAndClampMix: [{"k":"gold","p":"20.0"},{"k":"etf","p":"36.5"},{"k":"bonds","p":"17.9"},{"k":"bond3y9","p":"10.5"},{"k":"dyn","p":"10.2"},{"k":"cash","p":"7.3"}]
[applyMinimums DEBUG] dyn 16%, lump=0, monthly=600, available=true
[DEBUG STEP 5.5A DOWN-TUNE] [{"k":"gold","p":"23.1"},{"k":"etf","p":"39.8"},{"k":"dyn","p":"23.4"},{"k":"cash","p":"5.0"},{"k":"crypto","p":"8.6"},{"k":"real","p":"0.1"}]
[enforceStageCaps] dyn clamped 23.4% ΓåÆ 15% (stage=STARTER, riskPref=rastovy)
[Telemetry] policy_adjustment: {
  stage: [32m'STARTER'[39m,
  riskPref: [32m'rastovy'[39m,
  reason: [32m'dyn_cap'[39m,
  asset: [32m'dyn'[39m,
  pct_before: [33m23.37[39m,
  pct_after: [33m15[39m,
  cap: [33m15[39m,
  timestamp: [32m'2025-11-27T18:17:51.584Z'[39m
}
[enforceStageCaps] crypto clamped 8.6% ΓåÆ 6% (stage=STARTER, riskPref=rastovy)
[Telemetry] policy_adjustment: {
  stage: [32m'STARTER'[39m,
  riskPref: [32m'rastovy'[39m,
  reason: [32m'crypto_cap'[39m,
  asset: [32m'crypto'[39m,
  pct_before: [33m8.59[39m,
  pct_after: [33m6[39m,
  cap: [33m6[39m,
  timestamp: [32m'2025-11-27T18:17:51.584Z'[39m
}
[DEBUG STEP 6 enforceStageCaps] [{"k":"gold","p":"23.9"},{"k":"etf","p":"50.0"},{"k":"dyn","p":"15.0"},{"k":"cash","p":"5.0"},{"k":"crypto","p":"6.0"},{"k":"real","p":"0.1"}]
[CashCapPolicy] Stage caps hit ΓåÆ reallocating: gold 0.0% (room 16.1%), ETF 0.0% (room 0.0%)
[CashCapPolicy] Applied for rastovy: 5.0% ΓåÆ 5% (excess 0.0% ΓåÆ 0.0% gold + 0.0% ETF)
[MixAdjustments] FINAL Cash cap applied: 0.0% reallocated (0.0% gold + 0.0% ETF)
[DEBUG STEP 7 applyCashCap] [{"k":"gold","p":"23.9"},{"k":"etf","p":"50.0"},{"k":"dyn","p":"15.0"},{"k":"cash","p":"5.0"},{"k":"crypto","p":"6.0"},{"k":"real","p":"0.1"}]
[MixAdjustments] STEP 7.5: Applying profile asset policy...
[ProfileAssetPolicy] Profile: rastovy, Volume: 144,000 EUR ΓåÆ Band: PREMIUM
[DEBUG STEP 7.5 applyProfileAssetPolicy] [{"k":"gold","p":"23.9"},{"k":"etf","p":"50.0"},{"k":"dyn","p":"15.0"},{"k":"cash","p":"5.0"},{"k":"crypto","p":"6.0"},{"k":"real","p":"0.1"}]
[EnforceRiskCap] Initial risk: 9.30 / max 8.50
[EnforceRiskCap] dyn 15.0% <= profile cap 20%, skip ┼íkrtania
[90mstderr[2m | tests/pr34-acceptance.test.ts[2m > 
[22m[2mPR-34 Akcepta─ìn├⌐ testy[2m > [22m[2mTask 9: 
Akcepta─ìn├⌐ testy (3 scen├íre ├ù 3 profily)[2m > 
[22m[2m0/600/20: yield_C < yield_B < yield_G, risk_C < risk_B 
< risk_G, gold hierarchy[22m[39m
[enforceStageCaps] LOOP DETECTED (same mix processed again), 
returning cached result
[enforceStageCaps] LOOP DETECTED (same mix processed again), 
returning cached result
[EnforceRiskCap] Cannot redistribute 1.89 p.b. (will retry or 
switch to direct cut)
[EnforceRiskCap] Cannot redistribute 0.69 p.b. (will retry or 
switch to direct cut)
[EnforceRiskCap] Cannot redistribute 0.69 p.b. (will retry or 
switch to direct cut)
[EnforceRiskCap] Cannot redistribute 0.69 p.b. (will retry or 
switch to direct cut)
[EnforceRiskCap] Cannot redistribute 0.24 p.b. (will retry or 
switch to direct cut)
[EnforceRiskCap] Cannot redistribute 1.73 p.b. (will retry or 
switch to direct cut)

[EnforceRiskCap] Iteration 1: crypto 6.00% ΓåÆ 4.00% (-2.00 p.b.)
[EnforceRiskCap]   ΓåÆ bonds +0.70 p.b. (weight 0.35, room 40.0%)
[EnforceRiskCap]   ΓåÆ bond3y9 +0.39 p.b. (weight 0.30, room 40.0%)
[EnforceRiskCap]   ΓåÆ real +0.18 p.b. (weight 0.20, room 11.9%)
[EnforceRiskCap]   ΓåÆ gold FULL (23.9% >= 15% cap), skip
[EnforceRiskCap]   ΓåÆ cash +0.04 p.b. (weight 0.05, room 45.0%)
[EnforceRiskCap] After iteration 1: risk 9.30
[EnforceRiskCap] dyn 15.1% <= profile cap 20%, skip ┼íkrtania
[EnforceRiskCap] Iteration 2: crypto 4.03% ΓåÆ 2.03% (-2.00 p.b.)
[EnforceRiskCap]   ΓåÆ bonds +0.70 p.b. (weight 0.35, room 39.3%)
[EnforceRiskCap]   ΓåÆ bond3y9 +0.39 p.b. (weight 0.30, room 39.6%)
[EnforceRiskCap]   ΓåÆ real +0.18 p.b. (weight 0.20, room 11.7%)
[EnforceRiskCap]   ΓåÆ gold FULL (24.0% >= 15% cap), skip
[EnforceRiskCap]   ΓåÆ cash +0.04 p.b. (weight 0.05, room 44.9%)
[EnforceRiskCap] After iteration 2: risk 9.29
[EnforceRiskCap] dyn 15.2% <= profile cap 20%, skip ┼íkrtania
[EnforceRiskCap] Iteration 3: crypto 2.04% ΓåÆ 0.04% (-2.00 p.b.)
[EnforceRiskCap]   ΓåÆ bonds +0.70 p.b. (weight 0.35, room 38.6%)
[EnforceRiskCap]   ΓåÆ bond3y9 +0.39 p.b. (weight 0.30, room 39.2%)
[EnforceRiskCap]   ΓåÆ real +0.18 p.b. (weight 0.20, room 11.5%)
[EnforceRiskCap]   ΓåÆ gold FULL (24.2% >= 15% cap), skip
[EnforceRiskCap]   ΓåÆ cash +0.04 p.b. (weight 0.05, room 44.9%)
[EnforceRiskCap] After iteration 3: risk 9.28
[EnforceRiskCap] dyn 15.3% <= profile cap 20%, skip ┼íkrtania
[EnforceRiskCap] Iteration 4: crypto 0.04% ΓåÆ 0.00% (-0.04 p.b.)
[EnforceRiskCap]   ΓåÆ bonds +0.01 p.b. (weight 0.35, room 37.9%)
[EnforceRiskCap]   ΓåÆ gold FULL (24.4% >= 15% cap), skip
[EnforceRiskCap] After iteration 4: risk 9.28
[EnforceRiskCap] dyn 15.3% <= profile cap 20%, skip ┼íkrtania
[EnforceRiskCap] Iteration 5: real 0.70% ΓåÆ 0.00% (-0.70 p.b.)
[EnforceRiskCap]   ΓåÆ bonds +0.24 p.b. (weight 0.35, room 37.9%)
[EnforceRiskCap]   ΓåÆ bond3y9 +0.14 p.b. (weight 0.30, room 38.8%)
[EnforceRiskCap]   ΓåÆ real +0.06 p.b. (weight 0.20, room 12.0%)
[EnforceRiskCap]   ΓåÆ gold FULL (24.4% >= 15% cap), skip
[EnforceRiskCap]   ΓåÆ cash +0.01 p.b. (weight 0.05, room 44.8%)
[EnforceRiskCap] After iteration 5: risk 9.30
[EnforceRiskCap] dyn 15.3% <= profile cap 20%, skip ┼íkrtania
[EnforceRiskCap] Iteration 6: real 0.06% ΓåÆ 0.00% (-0.06 p.b.)
[EnforceRiskCap]   ΓåÆ bonds +0.02 p.b. (weight 0.35, room 37.6%)
[EnforceRiskCap]   ΓåÆ bond3y9 +0.01 p.b. (weight 0.30, room 38.7%)
[EnforceRiskCap]   ΓåÆ gold FULL (24.4% >= 15% cap), skip
[EnforceRiskCap] After iteration 6: risk 9.30
[EnforceRiskCap] dyn 15.3% <= profile cap 20%, skip ┼íkrtania
[EnforceRiskCap] Iteration 7: etf 51.21% ΓåÆ 46.21% (-5.00 p.b.)
[EnforceRiskCap]   ΓåÆ bonds +1.75 p.b. (weight 0.35, room 37.6%)
[EnforceRiskCap]   ΓåÆ bond3y9 +0.97 p.b. (weight 0.30, room 38.7%)
[EnforceRiskCap]   ΓåÆ real +0.46 p.b. (weight 0.20, room 12.0%)
[EnforceRiskCap]   ΓåÆ gold FULL (24.5% >= 15% cap), skip
[EnforceRiskCap]   ΓåÆ cash +0.09 p.b. (weight 0.05, room 44.8%)
[EnforceRiskCap] After iteration 7: risk 8.29
[EnforceRiskCap] Final: 9.30 ΓåÆ 8.29 (7 iterations)
[MixAdjustments] Risk cap enforced: 9.30 ΓåÆ 8.29 (7 iterations)
[DEBUG STEP 8 enforceRiskCap] [{"k":"gold","p":"24.9"},{"k":"etf","p":"47.0"},{"k":"bonds","p":"4.2"},{"k":"bond3y9","p":"2.4"},{"k":"dyn","p":"15.6"},{"k":"cash","p":"5.4"},{"k":"real","p":"0.5"}]
[MixAdjustments] STEP 10: Yield optimization (after risk enforcement)...
[ProfileAssetPolicy] Profile: rastovy, Volume: 144,000 EUR ΓåÆ Band: PREMIUM
[YieldOptimizer] START: Risk 8.29 / 8.5, Yield 14.15%, Room 0.21
[YieldOptimizer] Risk limit: 8.5 (riskCap) ΓåÆ 9.0 (optimizer headroom +1.0)
[YieldOptimizer] No beneficial move found, stopping
[YieldOptimizer Safety] Clamped gold 24.9% ΓåÆ 15%
[YieldOptimizer Safety] Redistributed 4.45 p.b. ΓåÆ bonds
[YieldOptimizer Safety] Redistributed 2.97 p.b. ΓåÆ real
[YieldOptimizer Safety] Redistributed 2.47 p.b. ΓåÆ bond3y9
[MixAdjustments] FINAL STEP: normalizeAndClampMix...
[MixAdjustments DEBUG] PRED normalizeAndClampMix: [{"k":"gold","p":"15.0"},{"k":"etf","p":"47.0"},{"k":"bonds","p":"8.7"},{"k":"bond3y9","p":"4.8"},{"k":"dyn","p":"15.6"},{"k":"cash","p":"5.4"},{"k":"real","p":"3.4"}]
[MixAdjustments DEBUG] PO normalizeAndClampMix: [{"k":"gold","p":"15.0"},{"k":"etf","p":"47.0"},{"k":"bonds","p":"8.7"},{"k":"bond3y9","p":"4.8"},{"k":"dyn","p":"15.6"},{"k":"cash","p":"5.4"},{"k":"real","p":"3.4"}]

[90mstdout[2m | tests/pr34-acceptance.test.ts[2m > [22m[2mPR-34 Akcepta─ìn├⌐ testy[2m > [22m[2mTask 9: Akcepta─ìn├⌐ testy (3 scen├íre ├ù 3 profily)[2m > [22m[2m10k/300/20: yield_C < yield_B < yield_G, risk_C < risk_B < risk_G, gold hierarchy[22m[39m
[applyMinimums DEBUG] dyn 5%, lump=10000, monthly=300, available=true
[DEBUG STEP 5.5B UP-TUNE] [{"k":"gold","p":"22.3"},{"k":"etf","p":"25.7"},{"k":"bonds","p":"16.1"},{"k":"bond3y9","p":"18.1"},{"k":"dyn","p":"6.6"},{"k":"cash","p":"11.2"}]
[ConservativeGuard] Risk elevated but within tolerance: diff 0.00 <= 1
[DEBUG STEP 6 enforceStageCaps] [{"k":"gold","p":"22.3"},{"k":"etf","p":"25.7"},{"k":"bonds","p":"16.1"},{"k":"bond3y9","p":"18.1"},{"k":"dyn","p":"6.6"},{"k":"cash","p":"11.2"}]
[CashCapPolicy] Applied for konzervativny: 11.2% ΓåÆ 10% (excess 1.2% ΓåÆ 0.9% gold + 0.4% ETF)
[MixAdjustments] FINAL Cash cap applied: 1.2% reallocated (0.9% gold + 0.4% ETF)
[DEBUG STEP 7 applyCashCap] [{"k":"gold","p":"23.2"},{"k":"etf","p":"26.1"},{"k":"bonds","p":"16.1"},{"k":"bond3y9","p":"18.1"},{"k":"dyn","p":"6.6"},{"k":"cash","p":"10.0"}]
[MixAdjustments] STEP 7.5: Applying profile asset policy...
[ProfileAssetPolicy] Profile: konzervativny, Volume: 82,000 EUR ΓåÆ Band: CORE
[ProfileAssetPolicy] dyn: 6.6% ΓåÆ 5.0% (cap enforced, overflow 1.6%)
[ProfileAssetPolicy] Redistributing 1.6% overflow to core assets: gold, bonds, bond3y9, cash
[ProfileAssetPolicy]   ΓåÆ gold +0.2% (room 16.8%)
[ProfileAssetPolicy]   ΓåÆ bonds +1.2% (room 83.9%)
[ProfileAssetPolicy]   ΓåÆ bond3y9 +0.0% (room 1.9%)
[ProfileAssetPolicy]   ΓåÆ cash +0.1% (room 10.0%)
[MixAdjustments] Profile policy applied: dyn capped
[DEBUG STEP 7.5 applyProfileAssetPolicy] [{"k":"gold","p":"23.4"},{"k":"etf","p":"26.1"},{"k":"bonds","p":"17.3"},{"k":"bond3y9","p":"18.1"},{"k":"dyn","p":"5.0"},{"k":"cash","p":"10.1"}]
[EnforceRiskCap] Initial risk: 3.76 / max 5.00
[DEBUG STEP 8 enforceRiskCap] [{"k":"gold","p":"23.4"},{"k":"etf","p":"26.1"},{"k":"bonds","p":"17.3"},{"k":"bond3y9","p":"18.1"},{"k":"dyn","p":"5.0"},{"k":"cash","p":"10.1"}]
[MixAdjustments] STEP 10: Yield optimization (after risk enforcement)...
[ProfileAssetPolicy] Profile: konzervativny, Volume: 82,000 EUR ΓåÆ Band: CORE
[YieldOptimizer] SKIP: Mal├╜ pl├ín (82,000 EUR < 100k)
[MixAdjustments] FINAL STEP: normalizeAndClampMix...
[MixAdjustments DEBUG] PRED normalizeAndClampMix: [{"k":"gold","p":"23.4"},{"k":"etf","p":"26.1"},{"k":"bonds","p":"17.3"},{"k":"bond3y9","p":"18.1"},{"k":"dyn","p":"5.0"},{"k":"cash","p":"10.1"}]
[MixAdjustments DEBUG] PO normalizeAndClampMix: [{"k":"gold","p":"23.4"},{"k":"etf","p":"26.1"},{"k":"bonds","p":"17.3"},{"k":"bond3y9","p":"18.1"},{"k":"dyn","p":"5.0"},{"k":"cash","p":"10.1"}]
[applyMinimums DEBUG] dyn 10%, lump=10000, monthly=300, available=true
[DEBUG STEP 5.5A DOWN-TUNE] [{"k":"gold","p":"19.4"},{"k":"etf","p":"39.8"},{"k":"bonds","p":"10.6"},{"k":"bond3y9","p":"10.6"},{"k":"dyn","p":"12.8"},{"k":"cash","p":"7.0"}]
[DEBUG STEP 5.5B UP-TUNE] [{"k":"gold","p":"19.4"},{"k":"etf","p":"40.2"},{"k":"bonds","p":"10.1"},{"k":"bond3y9","p":"10.6"},{"k":"dyn","p":"12.8"},{"k":"cash","p":"7.0"}]
[DEBUG STEP 6 enforceStageCaps] [{"k":"gold","p":"19.4"},{"k":"etf","p":"40.2"},{"k":"bonds","p":"10.1"},{"k":"bond3y9","p":"10.6"},{"k":"dyn","p":"12.8"},{"k":"cash","p":"7.0"}]
[CashCapPolicy] Applied for vyvazeny: 7.0% ΓåÆ 7% (excess 0.0% ΓåÆ 0.0% gold + 0.0% ETF)
[MixAdjustments] FINAL Cash cap applied: 0.0% reallocated (0.0% gold + 0.0% ETF)
[DEBUG STEP 7 applyCashCap] [{"k":"gold","p":"19.4"},{"k":"etf","p":"40.2"},{"k":"bonds","p":"10.1"},{"k":"bond3y9","p":"10.6"},{"k":"dyn","p":"12.8"},{"k":"cash","p":"7.0"}]
[MixAdjustments] STEP 7.5: Applying profile asset policy...
[ProfileAssetPolicy] Profile: vyvazeny, Volume: 82,000 EUR ΓåÆ Band: CORE
[ProfileAssetPolicy] dyn: 12.8% ΓåÆ 5.0% (cap enforced, overflow 7.8%)
[ProfileAssetPolicy] Redistributing 7.8% overflow to core assets: gold, etf, bonds, bond3y9
[ProfileAssetPolicy]   ΓåÆ gold +1.2% (room 20.6%)
[ProfileAssetPolicy]   ΓåÆ etf +0.6% (room 9.8%)
[ProfileAssetPolicy]   ΓåÆ bonds +5.4% (room 89.9%)
[ProfileAssetPolicy]   ΓåÆ bond3y9 +0.6% (room 9.4%)
[MixAdjustments] Profile policy applied: dyn capped
[DEBUG STEP 7.5 applyProfileAssetPolicy] [{"k":"gold","p":"20.7"},{"k":"etf","p":"40.8"},{"k":"bonds","p":"15.5"},{"k":"bond3y9","p":"11.2"},{"k":"dyn","p":"5.0"},{"k":"cash","p":"7.0"}]
[EnforceRiskCap] Initial risk: 5.97 / max 7.00
[DEBUG STEP 8 enforceRiskCap] [{"k":"gold","p":"20.7"},{"k":"etf","p":"40.8"},{"k":"bonds","p":"15.5"},{"k":"bond3y9","p":"11.2"},{"k":"dyn","p":"5.0"},{"k":"cash","p":"7.0"}]
[MixAdjustments] STEP 10: Yield optimization (after risk enforcement)...
[ProfileAssetPolicy] Profile: vyvazeny, Volume: 82,000 EUR ΓåÆ Band: CORE
[YieldOptimizer] SKIP: Mal├╜ pl├ín (82,000 EUR < 100k)
[MixAdjustments] FINAL STEP: normalizeAndClampMix...
[MixAdjustments DEBUG] PRED normalizeAndClampMix: [{"k":"gold","p":"20.7"},{"k":"etf","p":"40.8"},{"k":"bonds","p":"15.5"},{"k":"bond3y9","p":"11.2"},{"k":"dyn","p":"5.0"},{"k":"cash","p":"7.0"}]
[MixAdjustments Clamp] gold 20.7% ΓåÆ 20%
[MixAdjustments Clamp] Deficit 0.67% ΓåÆ redistributed to safety sinks
[MixAdjustments DEBUG] PO normalizeAndClampMix: [{"k":"gold","p":"20.0"},{"k":"etf","p":"40.8"},{"k":"bonds","p":"15.9"},{"k":"bond3y9","p":"11.5"},{"k":"dyn","p":"5.0"},{"k":"cash","p":"7.0"}]
[applyMinimums DEBUG] dyn 16%, lump=10000, monthly=300, available=true
[DEBUG STEP 5.5A DOWN-TUNE] [{"k":"gold","p":"16.4"},{"k":"etf","p":"40.8"},{"k":"bonds","p":"4.7"},{"k":"bond3y9","p":"4.7"},{"k":"dyn","p":"20.8"},{"k":"cash","p":"5.0"},{"k":"crypto","p":"7.6"},{"k":"real","p":"0.1"}]
[enforceStageCaps] dyn clamped 20.8% ΓåÆ 15% (stage=STARTER, riskPref=rastovy)
[Telemetry] policy_adjustment: {
  stage: [32m'STARTER'[39m,
  riskPref: [32m'rastovy'[39m,
  reason: [32m'dyn_cap'[39m,
  asset: [32m'dyn'[39m,
  pct_before: [33m20.75[39m,
  pct_after: [33m15[39m,
  cap: [33m15[39m,
  timestamp: [32m'2025-11-27T18:17:51.594Z'[39m
}
[enforceStageCaps] crypto clamped 7.6% ΓåÆ 6% (stage=STARTER, riskPref=rastovy)
[Telemetry] policy_adjustment: {
  stage: [32m'STARTER'[39m,
  riskPref: [32m'rastovy'[39m,
  reason: [32m'crypto_cap'[39m,
  asset: [32m'crypto'[39m,
  pct_before: [33m7.61[39m,
  pct_after: [33m6[39m,
  cap: [33m6[39m,
  timestamp: [32m'2025-11-27T18:17:51.594Z'[39m
}
[DEBUG STEP 6 enforceStageCaps] [{"k":"gold","p":"16.4"},{"k":"etf","p":"48.1"},{"k":"bonds","p":"4.7"},{"k":"bond3y9","p":"4.7"},{"k":"dyn","p":"15.0"},{"k":"cash","p":"5.0"},{"k":"crypto","p":"6.0"},{"k":"real","p":"0.1"}]
[CashCapPolicy] Applied for rastovy: 5.0% ΓåÆ 5% (excess 0.0% ΓåÆ 0.0% gold + 0.0% ETF)
[MixAdjustments] FINAL Cash cap applied: 0.0% reallocated (0.0% gold + 0.0% ETF)
[DEBUG STEP 7 applyCashCap] [{"k":"gold","p":"16.4"},{"k":"etf","p":"48.1"},{"k":"bonds","p":"4.7"},{"k":"bond3y9","p":"4.7"},{"k":"dyn","p":"15.0"},{"k":"cash","p":"5.0"},{"k":"crypto","p":"6.0"},{"k":"real","p":"0.1"}]
[MixAdjustments] STEP 7.5: Applying profile asset policy...
[ProfileAssetPolicy] Profile: rastovy, Volume: 82,000 EUR ΓåÆ Band: CORE
[ProfileAssetPolicy] dyn: 15.0% ΓåÆ 12.0% (cap enforced, overflow 3.0%)
[ProfileAssetPolicy] Redistributing 3.0% overflow to core assets: etf, gold, bonds, bond3y9
[ProfileAssetPolicy]   ΓåÆ etf +0.0% (room 1.9%)
[ProfileAssetPolicy]   ΓåÆ gold +0.5% (room 23.6%)
[ProfileAssetPolicy]   ΓåÆ bonds +2.0% (room 95.3%)
[ProfileAssetPolicy]   ΓåÆ bond3y9 +0.4% (room 20.3%)
[MixAdjustments] Profile policy applied: dyn capped
[DEBUG STEP 7.5 applyProfileAssetPolicy] [{"k":"gold","p":"17.0"},{"k":"etf","p":"48.2"},{"k":"bonds","p":"6.7"},{"k":"bond3y9","p":"5.1"},{"k":"dyn","p":"12.0"},{"k":"cash","p":"5.0"},{"k":"crypto","p":"6.0"},{"k":"real","p":"0.1"}]
[EnforceRiskCap] Initial risk: 8.58 / max 8.50
[EnforceRiskCap] dyn 12.0% <= profile cap 20%, skip ┼íkrtania
[EnforceRiskCap] Iteration 1: crypto 6.00% ΓåÆ 4.00% (-2.00 p.b.)
[EnforceRiskCap]   ΓåÆ bonds +0.70 p.b. (weight 0.35, room 33.3%)
[EnforceRiskCap]   ΓåÆ bond3y9 +0.39 p.b. (weight 0.30, room 34.9%)
[EnforceRiskCap]   ΓåÆ real +0.18 p.b. (weight 0.20, room 11.9%)
[EnforceRiskCap]   ΓåÆ gold FULL (17.0% >= 15% cap), skip
[EnforceRiskCap]   ΓåÆ cash +0.04 p.b. (weight 0.05, room 45.0%)
[EnforceRiskCap] After iteration 1: risk 8.56
[EnforceRiskCap] dyn 12.1% <= profile cap 20%, skip ┼íkrtania
[EnforceRiskCap] Iteration 2: crypto 4.03% ΓåÆ 2.03% (-2.00 p.b.)
[EnforceRiskCap]   ΓåÆ bonds +0.70 p.b. (weight 0.35, room 32.5%)
[EnforceRiskCap]   ΓåÆ bond3y9 +0.39 p.b. (weight 0.30, room 34.5%)
[EnforceRiskCap]   ΓåÆ real +0.18 p.b. (weight 0.20, room 11.8%)
[EnforceRiskCap]   ΓåÆ gold FULL (17.1% >= 15% cap), skip
[EnforceRiskCap]   ΓåÆ cash +0.04 p.b. (weight 0.05, room 44.9%)
[EnforceRiskCap] After iteration 2: risk 8.54
[EnforceRiskCap] dyn 12.2% <= profile cap 20%, skip ┼íkrtania
[EnforceRiskCap] Iteration 3: crypto 2.04% ΓåÆ 0.04% (-2.00 p.b.)
[EnforceRiskCap]   ΓåÆ bonds +0.70 p.b. (weight 0.35, room 31.8%)
[EnforceRiskCap]   ΓåÆ bond3y9 +0.39 p.b. (weight 0.30, room 34.0%)
[EnforceRiskCap]   ΓåÆ real +0.18 p.b. (weight 0.20, room 11.6%)
[EnforceRiskCap]   ΓåÆ gold FULL (17.2% >= 15% cap), skip
[EnforceRiskCap]   ΓåÆ cash +0.04 p.b. (weight 0.05, room 44.9%)
[EnforceRiskCap] After iteration 3: risk 8.53
[EnforceRiskCap] dyn 12.2% <= profile cap 20%, skip ┼íkrtania
[EnforceRiskCap] Iteration 4: crypto 0.04% ΓåÆ 0.00% (-0.04 p.b.)
[EnforceRiskCap]   ΓåÆ bonds +0.01 p.b. (weight 0.35, room 31.0%)
[EnforceRiskCap]   ΓåÆ gold FULL (17.3% >= 15% cap), skip
[EnforceRiskCap] After iteration 4: risk 8.53
[EnforceRiskCap] dyn 12.2% <= profile cap 20%, skip ┼íkrtania
[EnforceRiskCap] Iteration 5: real 0.64% ΓåÆ 0.00% (-0.64 p.b.)
[EnforceRiskCap]   ΓåÆ bonds +0.22 p.b. (weight 0.35, room 31.0%)
[EnforceRiskCap]   ΓåÆ bond3y9 +0.12 p.b. (weight 0.30, room 33.6%)
[EnforceRiskCap]   ΓåÆ real +0.06 p.b. (weight 0.20, room 12.0%)
[EnforceRiskCap]   ΓåÆ gold FULL (17.3% >= 15% cap), skip
[EnforceRiskCap]   ΓåÆ cash +0.01 p.b. (weight 0.05, room 44.8%)
[EnforceRiskCap] After iteration 5: risk 8.54
[EnforceRiskCap] dyn 12.3% <= profile cap 20%, skip ┼íkrtania
[EnforceRiskCap] Iteration 6: real 0.06% ΓåÆ 0.00% (-0.06 p.b.)
[EnforceRiskCap]   ΓåÆ bonds +0.02 p.b. (weight 0.35, room 30.8%)
[EnforceRiskCap]   ΓåÆ bond3y9 +0.01 p.b. (weight 0.30, room 33.5%)
[EnforceRiskCap]   ΓåÆ gold FULL (17.4% >= 15% cap), skip
[EnforceRiskCap] After iteration 6: risk 8.54
[EnforceRiskCap] dyn 12.3% <= profile cap 20%, skip ┼íkrtania
[EnforceRiskCap] Iteration 7: real 0.01% ΓåÆ 0.00% (-0.01 p.b.)
[EnforceRiskCap]   ΓåÆ gold FULL (17.4% >= 15% cap), skip
[EnforceRiskCap] After iteration 7: risk 8.54
[EnforceRiskCap] dyn 12.3% <= profile cap 20%, skip ┼íkrtania
[EnforceRiskCap] Iteration 8: real 0.01% ΓåÆ 0.00% (-0.01 p.b.)
[EnforceRiskCap]   ΓåÆ gold FULL (17.4% >= 15% cap), skip
[EnforceRiskCap] After iteration 8: risk 8.54
[EnforceRiskCap] dyn 12.3% <= profile cap 20%, skip ┼íkrtania
[EnforceRiskCap] Iteration 9: real 0.01% ΓåÆ 0.00% (-0.01 p.b.)
[EnforceRiskCap]   ΓåÆ dyn -6.1% (direct cut 50%)
[EnforceRiskCap]   ΓåÆ etf -24.7% (direct cut 50%)
[EnforceRiskCap]   ΓåÆ bonds +15.4% (direct cut redistribution)
[EnforceRiskCap]   ΓåÆ bond3y9 +15.4% (direct cut redistribution)
[EnforceRiskCap] After iteration 9: risk 3.75
[EnforceRiskCap] Final: 8.58 ΓåÆ 3.75 (9 iterations)
[MixAdjustments] Risk cap enforced: 8.58 ΓåÆ 3.75 (9 iterations)
[DEBUG STEP 8 enforceRiskCap] [{"k":"gold","p":"17.4"},{"k":"etf","p":"24.7"},{"k":"bonds","p":"24.7"},{"k":"bond3y9","p":"21.9"},{"k":"dyn","p":"6.1"},{"k":"cash","p":"5.2"}]
[MixAdjustments] STEP 10: Yield optimization (after risk enforcement)...
[ProfileAssetPolicy] Profile: rastovy, Volume: 82,000 EUR ΓåÆ Band: CORE
[YieldOptimizer] SKIP: Mal├╜ pl├ín (82,000 EUR < 100k)
[MixAdjustments] FINAL STEP: normalizeAndClampMix...
[MixAdjustments DEBUG] PRED normalizeAndClampMix: [{"k":"gold","p":"17.4"},{"k":"etf","p":"24.7"},{"k":"bonds","p":"24.7"},{"k":"bond3y9","p":"21.9"},{"k":"dyn","p":"6.1"},{"k":"cash","p":"5.2"}]
[MixAdjustments Clamp] gold 17.4% ΓåÆ 15%
[MixAdjustments Clamp] Deficit 2.37% ΓåÆ redistributed to safety sinks
[MixAdjustments DEBUG] PO normalizeAndClampMix: [{"k":"gold","p":"15.0"},{"k":"etf","p":"24.7"},{"k":"bonds","p":"26.1"},{"k":"bond3y9","p":"22.9"},{"k":"dyn","p":"6.1"},{"k":"cash","p":"5.2"}]

[90mstdout[2m | tests/pr34-acceptance.test.ts[2m > [22m[2mPR-34 Akcepta─ìn├⌐ testy[2m > [22m[2mTask 9: Akcepta─ìn├⌐ testy (3 scen├íre ├ù 3 profily)[2m > [22m[2m98k/600/23: yield_C < yield_B < yield_G, risk_C < risk_B < risk_G, gold hierarchy[22m[39m
[applyMinimums DEBUG] dyn 5%, lump=98000, monthly=600, available=true
[ConservativeGuard] Risk elevated but within tolerance: diff 0.00 <= 1
[DEBUG STEP 6 enforceStageCaps] [{"k":"gold","p":"26.2"},{"k":"etf","p":"23.2"},{"k":"bonds","p":"19.7"},{"k":"bond3y9","p":"19.7"},{"k":"dyn","p":"5.0"},{"k":"cash","p":"6.2"}]
[DEBUG STEP 7 applyCashCap] [{"k":"gold","p":"26.2"},{"k":"etf","p":"23.2"},{"k":"bonds","p":"19.7"},{"k":"bond3y9","p":"19.7"},{"k":"dyn","p":"5.0"},{"k":"cash","p":"6.2"}]
[MixAdjustments] STEP 7.5: Applying profile asset policy...
[ProfileAssetPolicy] Profile: konzervativny, Volume: 263,600 EUR ΓåÆ Band: PREMIUM
[ProfileAssetPolicy] etf: 23.2% ΓåÆ 20.0% (cap enforced, overflow 3.2%)
[ProfileAssetPolicy] bond3y9: 19.7% ΓåÆ 12.0% (cap enforced, overflow 7.7%)
[ProfileAssetPolicy] Redistributing 10.9% overflow to core assets: gold, bonds, bond3y9, cash
[ProfileAssetPolicy]   ΓåÆ gold +1.4% (room 13.8%)
[ProfileAssetPolicy]   ΓåÆ bonds +8.1% (room 80.3%)
[ProfileAssetPolicy]   ΓåÆ cash +1.4% (room 13.8%)
[MixAdjustments] Profile policy applied: etf, bond3y9 capped
[DEBUG STEP 7.5 applyProfileAssetPolicy] [{"k":"gold","p":"27.6"},{"k":"etf","p":"20.0"},{"k":"bonds","p":"27.8"},{"k":"bond3y9","p":"12.0"},{"k":"dyn","p":"5.0"},{"k":"cash","p":"7.6"}]
[EnforceRiskCap] Initial risk: 3.50 / max 5.00
[DEBUG STEP 8 enforceRiskCap] [{"k":"gold","p":"27.6"},{"k":"etf","p":"20.0"},{"k":"bonds","p":"27.8"},{"k":"bond3y9","p":"12.0"},{"k":"dyn","p":"5.0"},{"k":"cash","p":"7.6"}]
[MixAdjustments] STEP 10: Yield optimization (after risk enforcement)...
[ProfileAssetPolicy] Profile: konzervativny, Volume: 263,600 EUR ΓåÆ Band: PREMIUM
[YieldOptimizer] START: Risk 3.50 / 5.0, Yield 9.21%, Room 1.50
[YieldOptimizer] Risk limit: 5.0 (riskCap) ΓåÆ 6.0 (optimizer headroom +1.0)
[YieldOptimizer] Move 1: IAD DK ΓåÆ Bond 7.5% (+0.11% yield, risk 3.50)
[YieldOptimizer] Move 2: IAD DK ΓåÆ Bond 7.5% (+0.11% yield, risk 4.13)
[YieldOptimizer] Move 3: IAD DK ΓåÆ Bond 7.5% (+0.11% yield, risk 4.17)
[YieldOptimizer] DONE: 3 moves applied, Yield 9.21% ΓåÆ 9.54% (+0.33%), Risk 3.50 ΓåÆ 4.17
[MixAdjustments] Yield optimized: IAD DK ΓåÆ Bond 7.5%, IAD DK ΓåÆ Bond 7.5%, IAD DK ΓåÆ Bond 7.5% (Yield 9.21% ΓåÆ 9.54%)
[MixAdjustments] FINAL STEP: normalizeAndClampMix...
[MixAdjustments DEBUG] PRED normalizeAndClampMix: [{"k":"gold","p":"27.6"},{"k":"etf","p":"20.0"},{"k":"bonds","p":"33.8"},{"k":"bond3y9","p":"12.0"},{"k":"dyn","p":"5.0"},{"k":"cash","p":"1.6"}]
[MixAdjustments DEBUG] PO normalizeAndClampMix: [{"k":"gold","p":"27.6"},{"k":"etf","p":"20.0"},{"k":"bonds","p":"33.8"},{"k":"bond3y9","p":"12.0"},{"k":"dyn","p":"5.0"},{"k":"cash","p":"1.6"}]
[applyMinimums DEBUG] dyn 10%, lump=98000, monthly=600, available=true
[DEBUG STEP 5.5A DOWN-TUNE] [{"k":"gold","p":"22.1"},{"k":"etf","p":"36.2"},{"k":"bonds","p":"11.2"},{"k":"bond3y9","p":"11.2"},{"k":"dyn","p":"12.3"},{"k":"cash","p":"7.0"}]
[enforceStageCaps] etf clamped 36.2% ΓåÆ 35% (stage=LATE, riskPref=vyvazeny)
[Telemetry] policy_adjustment: {
  stage: [32m'LATE'[39m,
  riskPref: [32m'vyvazeny'[39m,
  reason: [32m'etf_cap'[39m,
  asset: [32m'etf'[39m,
  pct_before: [33m36.2[39m,
  pct_after: [33m35[39m,
  cap: [33m35[39m,
  timestamp: [32m'2025-11-27T18:17:51.598Z'[39m
}
[enforceStageCaps] dyn clamped 12.3% ΓåÆ 12% (stage=LATE, riskPref=vyvazeny)
[Telemetry] policy_adjustment: {
  stage: [32m'LATE'[39m,
  riskPref: [32m'vyvazeny'[39m,
  reason: [32m'dyn_cap'[39m,
  asset: [32m'dyn'[39m,
  pct_before: [33m12.31[39m,
  pct_after: [33m12[39m,
  cap: [33m12[39m,
  timestamp: [32m'2025-11-27T18:17:51.599Z'[39m
}
[DEBUG STEP 6 enforceStageCaps] [{"k":"gold","p":"22.1"},{"k":"etf","p":"35.0"},{"k":"bonds","p":"12.7"},{"k":"bond3y9","p":"11.2"},{"k":"dyn","p":"12.0"},{"k":"cash","p":"7.0"}]
[CashCapPolicy] Stage caps hit ΓåÆ reallocating: gold 0.0% (room 17.9%), ETF 0.0% (room 0.0%)
[CashCapPolicy] Applied for vyvazeny: 7.0% ΓåÆ 7% (excess 0.0% ΓåÆ 0.0% gold + 0.0% ETF)
[MixAdjustments] FINAL Cash cap applied: 0.0% reallocated (0.0% gold + 0.0% ETF)
[DEBUG STEP 7 applyCashCap] [{"k":"gold","p":"22.1"},{"k":"etf","p":"35.0"},{"k":"bonds","p":"12.7"},{"k":"bond3y9","p":"11.2"},{"k":"dyn","p":"12.0"},{"k":"cash","p":"7.0"}]
[MixAdjustments] STEP 7.5: Applying profile asset policy...
[ProfileAssetPolicy] Profile: vyvazeny, Volume: 263,600 EUR ΓåÆ Band: PREMIUM
[ProfileAssetPolicy] dyn: 12.0% ΓåÆ 10.0% (cap enforced, overflow 2.0%)
[ProfileAssetPolicy] Redistributing 2.0% overflow to core assets: gold, etf, bonds, bond3y9
[ProfileAssetPolicy]   ΓåÆ gold +0.3% (room 17.9%)
[ProfileAssetPolicy]   ΓåÆ etf +0.2% (room 15.0%)
[ProfileAssetPolicy]   ΓåÆ bonds +1.3% (room 87.3%)
[ProfileAssetPolicy]   ΓåÆ bond3y9 +0.2% (room 13.8%)
[MixAdjustments] Profile policy applied: dyn capped
[DEBUG STEP 7.5 applyProfileAssetPolicy] [{"k":"gold","p":"22.4"},{"k":"etf","p":"35.2"},{"k":"bonds","p":"14.0"},{"k":"bond3y9","p":"11.4"},{"k":"dyn","p":"10.0"},{"k":"cash","p":"7.0"}]
[EnforceRiskCap] Initial risk: 5.05 / max 7.00
[DEBUG STEP 8 enforceRiskCap] [{"k":"gold","p":"22.4"},{"k":"etf","p":"35.2"},{"k":"bonds","p":"14.0"},{"k":"bond3y9","p":"11.4"},{"k":"dyn","p":"10.0"},{"k":"cash","p":"7.0"}]
[MixAdjustments] STEP 10: Yield optimization (after risk enforcement)...
[ProfileAssetPolicy] Profile: vyvazeny, Volume: 263,600 EUR ΓåÆ Band: PREMIUM
[YieldOptimizer] START: Risk 5.05 / 7.0, Yield 11.76%, Room 1.95
[YieldOptimizer] Risk limit: 7.0 (riskCap) ΓåÆ 8.0 (optimizer headroom +1.0)
[YieldOptimizer] No beneficial move found, stopping
[YieldOptimizer Safety] Clamped gold 22.4% ΓåÆ 20%
[YieldOptimizer Safety] Redistributed 1.21 p.b. ΓåÆ bonds
[YieldOptimizer Safety] Redistributed 0.85 p.b. ΓåÆ bond3y9
[YieldOptimizer Safety] Redistributed 0.36 p.b. ΓåÆ gold
[MixAdjustments] FINAL STEP: normalizeAndClampMix...
[MixAdjustments DEBUG] PRED normalizeAndClampMix: [{"k":"gold","p":"20.4"},{"k":"etf","p":"35.2"},{"k":"bonds","p":"15.2"},{"k":"bond3y9","p":"12.2"},{"k":"dyn","p":"10.0"},{"k":"cash","p":"7.0"}]
[MixAdjustments Clamp] gold 20.4% ΓåÆ 20%
[MixAdjustments DEBUG] PO normalizeAndClampMix: [{"k":"gold","p":"20.1"},{"k":"etf","p":"35.4"},{"k":"bonds","p":"15.2"},{"k":"bond3y9","p":"12.3"},{"k":"dyn","p":"10.0"},{"k":"cash","p":"7.0"}]
[applyMinimums DEBUG] dyn 16%, lump=98000, monthly=600, available=true
[DEBUG STEP 5.5A DOWN-TUNE] [{"k":"gold","p":"18.3"},{"k":"etf","p":"39.9"},{"k":"bonds","p":"5.0"},{"k":"bond3y9","p":"5.0"},{"k":"dyn","p":"19.7"},{"k":"cash","p":"5.0"},{"k":"crypto","p":"7.0"},{"k":"real","p":"0.3"}]
[enforceStageCaps] etf clamped 39.9% ΓåÆ 35% (stage=LATE, riskPref=rastovy)
[Telemetry] policy_adjustment: {
  stage: [32m'LATE'[39m,
  riskPref: [32m'rastovy'[39m,
  reason: [32m'etf_cap'[39m,
  asset: [32m'etf'[39m,
  pct_before: [33m39.86[39m,
  pct_after: [33m35[39m,
  cap: [33m35[39m,
  timestamp: [32m'2025-11-27T18:17:51.601Z'[39m
}
[enforceStageCaps] dyn clamped 19.7% ΓåÆ 12% (stage=LATE, riskPref=rastovy)
[Telemetry] policy_adjustment: {
  stage: [32m'LATE'[39m,
  riskPref: [32m'rastovy'[39m,
  reason: [32m'dyn_cap'[39m,
  asset: [32m'dyn'[39m,
  pct_before: [33m19.66[39m,
  pct_after: [33m12[39m,
  cap: [33m12[39m,
  timestamp: [32m'2025-11-27T18:17:51.601Z'[39m
}
[enforceStageCaps] crypto clamped 7.0% ΓåÆ 6% (stage=LATE, riskPref=rastovy)
[Telemetry] policy_adjustment: {
  stage: [32m'LATE'[39m,
  riskPref: [32m'rastovy'[39m,
  reason: [32m'crypto_cap'[39m,
  asset: [32m'crypto'[39m,
  pct_before: [33m6.97[39m,
  pct_after: [33m6[39m,
  cap: [33m6[39m,
  timestamp: [32m'2025-11-27T18:17:51.601Z'[39m
}
[DEBUG STEP 6 enforceStageCaps] [{"k":"gold","p":"18.3"},{"k":"etf","p":"35.0"},{"k":"bonds","p":"18.5"},{"k":"bond3y9","p":"5.0"},{"k":"dyn","p":"12.0"},{"k":"cash","p":"5.0"},{"k":"crypto","p":"6.0"},{"k":"real","p":"0.3"}]
[CashCapPolicy] Stage caps hit ΓåÆ reallocating: gold 0.0% (room 21.7%), ETF 0.0% (room 0.0%)
[CashCapPolicy] Applied for rastovy: 5.0% ΓåÆ 5% (excess 0.0% ΓåÆ 0.0% gold + 0.0% ETF)
[MixAdjustments] FINAL Cash cap applied: 0.0% reallocated (0.0% gold + 0.0% ETF)
[DEBUG STEP 7 applyCashCap] [{"k":"gold","p":"18.3"},{"k":"etf","p":"35.0"},{"k":"bonds","p":"18.5"},{"k":"bond3y9","p":"5.0"},{"k":"dyn","p":"12.0"},{"k":"cash","p":"5.0"},{"k":"crypto","p":"6.0"},{"k":"real","p":"0.3"}]
[MixAdjustments] STEP 7.5: Applying profile asset policy...
[ProfileAssetPolicy] Profile: rastovy, Volume: 263,600 EUR ΓåÆ Band: PREMIUM
[DEBUG STEP 7.5 applyProfileAssetPolicy] [{"k":"gold","p":"18.3"},{"k":"etf","p":"35.0"},{"k":"bonds","p":"18.5"},{"k":"bond3y9","p":"5.0"},{"k":"dyn","p":"12.0"},{"k":"cash","p":"5.0"},{"k":"crypto","p":"6.0"},{"k":"real","p":"0.3"}]
[EnforceRiskCap] Initial risk: 5.66 / max 8.50
[DEBUG STEP 8 enforceRiskCap] [{"k":"gold","p":"18.3"},{"k":"etf","p":"35.0"},{"k":"bonds","p":"18.5"},{"k":"bond3y9","p":"5.0"},{"k":"dyn","p":"12.0"},{"k":"cash","p":"5.0"},{"k":"crypto","p":"6.0"},{"k":"real","p":"0.3"}]
[MixAdjustments] STEP 10: Yield optimization (after risk enforcement)...
[ProfileAssetPolicy] Profile: rastovy, Volume: 263,600 EUR ΓåÆ Band: PREMIUM
[YieldOptimizer] START: Risk 5.66 / 8.5, Yield 13.35%, Room 2.84
[YieldOptimizer] Risk limit: 8.5 (riskCap) ΓåÆ 9.0 (optimizer headroom +1.0)
[YieldOptimizer] No beneficial move found, stopping
[YieldOptimizer Safety] Clamped gold 18.3% ΓåÆ 15%
[YieldOptimizer Safety] Redistributed 1.47 p.b. ΓåÆ bonds
[YieldOptimizer Safety] Redistributed 0.98 p.b. ΓåÆ real
[YieldOptimizer Safety] Redistributed 0.82 p.b. ΓåÆ bond3y9
[MixAdjustments] FINAL STEP: normalizeAndClampMix...
[MixAdjustments DEBUG] PRED normalizeAndClampMix: [{"k":"gold","p":"15.0"},{"k":"etf","p":"35.0"},{"k":"bonds","p":"19.9"},{"k":"bond3y9","p":"5.8"},{"k":"dyn","p":"12.0"},{"k":"cash","p":"5.0"},{"k":"crypto","p":"6.0"},{"k":"real","p":"1.3"}]
[MixAdjustments DEBUG] PO normalizeAndClampMix: [{"k":"gold","p":"15.0"},{"k":"etf","p":"35.0"},{"k":"bonds","p":"19.9"},{"k":"bond3y9","p":"5.8"},{"k":"dyn","p":"12.0"},{"k":"cash","p":"5.0"},{"k":"crypto","p":"6.0"},{"k":"real","p":"1.3"}]

 [33mΓ¥»[39m tests/pr34-acceptance.test.ts [2m ([22m[2m4 tests[22m [2m|[22m [31m4 failed[39m[2m)[22m[90m 101[2mms[22m[39m
[31m   [33mΓ¥»[31m tests/pr34-acceptance.test.ts[2m > [22mPR-34 Akcepta─ìn├⌐ testy[2m > [22mTask 8: 0/600/20 Balanced (bug fix valid├ícia)[2m > [22mBalanced mix m├í gold Γëñ 20%, yield > Conservative, NO validation errors[39m
[31m     ΓåÆ expected true to be false // Object.is equality[39m
[31m   [33mΓ¥»[31m tests/pr34-acceptance.test.ts[2m > [22mPR-34 Akcepta─ìn├⌐ testy[2m > [22mTask 9: Akcepta─ìn├⌐ testy (3 scen├íre ├ù 3 profily)[2m > [22m0/600/20: yield_C < yield_B < yield_G, risk_C < risk_B < risk_G, gold hierarchy[39m
[31m     ΓåÆ expected 1 to be +0 // Object.is equality[39m
[31m   [33mΓ¥»[31m tests/pr34-acceptance.test.ts[2m > [22mPR-34 Akcepta─ìn├⌐ testy[2m > [22mTask 9: Akcepta─ìn├⌐ testy (3 scen├íre ├ù 3 profily)[2m > [22m10k/300/20: yield_C < yield_B < yield_G, risk_C < risk_B < risk_G, gold hierarchy[39m
[31m     ΓåÆ expected 10.460600000000001 to be greater than 10.6411[39m
[31m   [33mΓ¥»[31m tests/pr34-acceptance.test.ts[2m > [22mPR-34 Akcepta─ìn├⌐ testy[2m > [22mTask 9: Akcepta─ìn├⌐ testy (3 scen├íre ├ù 3 profily)[2m > [22m98k/600/23: yield_C < yield_B < yield_G, risk_C < risk_B < risk_G, gold hierarchy[39m
[31m     ΓåÆ expected 1 to be +0 // Object.is equality[39m
[90mstderr[2m | tests/pr34-acceptance.test.ts[2m > 
[22m[2mPR-34 Akcepta─ìn├⌐ testy[2m > [22m[2mTask 9: 
Akcepta─ìn├⌐ testy (3 scen├íre ├ù 3 profily)[2m > 
[22m[2m10k/300/20: yield_C < yield_B < yield_G, risk_C < 
risk_B < risk_G, gold hierarchy[22m[39m
[EnforceRiskCap] Cannot redistribute 0.69 p.b. (will retry or 
switch to direct cut)
[EnforceRiskCap] Cannot redistribute 0.69 p.b. (will retry or 
switch to direct cut)
[EnforceRiskCap] Cannot redistribute 0.69 p.b. (will retry or 
switch to direct cut)
[EnforceRiskCap] Cannot redistribute 0.22 p.b. (will retry or 
switch to direct cut)
[EnforceRiskCap] DIRECT CUT MODE (iteration 9): Force cut 
high-risk assets ΓåÆ bonds/bond9 ONLY


[31mΓÄ»ΓÄ»ΓÄ»ΓÄ»ΓÄ»ΓÄ»ΓÄ»[1m[7m Failed Tests 4 
[27m[22mΓÄ»ΓÄ»ΓÄ»ΓÄ»ΓÄ»ΓÄ»ΓÄ»[39m

[31m[1m[7m FAIL [27m[22m[39m 
tests/pr34-acceptance.test.ts[2m > [22mPR-34 Akcepta─ìn├⌐ 
testy[2m > [22mTask 8: 0/600/20 Balanced (bug fix 
valid├ícia)[2m > [22mBalanced mix m├í gold Γëñ 20%, yield > 
Conservative, NO validation errors
[31m[1mAssertionError[22m: expected true to be false // 
Object.is equality[39m

[32m- Expected[39m
[31m+ Received[39m

[32m- false[39m
[31m+ true[39m

[36m [2mΓ¥»[22m 
tests/pr34-acceptance.test.ts:[2m99:29[22m[39m
    [90m 97| [39m      [90m// Assert: NO validation errors v 
warnings (check ┼╛e warnings ar[39mΓÇª
    [90m 98| [39m      [35mconst[39m hasCapWarning 
[33m=[39m balancedResult[33m.[39mwarnings[33m.[39mlength 
[33m>[39m [34m0[39m[33m;[39m [90m// Any[39mΓÇª
    [90m 99| [39m      [34mexpect[39m(hasCapWarning)[33m.[
39m[34mtoBe[39m([35mfalse[39m)[33m;[39m
    [90m   | [39m                            [31m^[39m
    [90m100| [39m      
    [90m101| [39m      
console[33m.[39m[34mlog[39m([32m`[Task 8] 0/600/20 
Balanced: 
gold=[39m[36m${[39mgoldPctB[33m.[39m[34mtoFixed[39mΓÇª

[31m[2mΓÄ»ΓÄ»ΓÄ»ΓÄ»ΓÄ»ΓÄ»ΓÄ»ΓÄ»ΓÄ»ΓÄ»ΓÄ»ΓÄ»ΓÄ»ΓÄ»ΓÄ»ΓÄ»ΓÄ»ΓÄ»Γ
Ä»ΓÄ»ΓÄ»ΓÄ»ΓÄ»ΓÄ»[1/4]ΓÄ»[22m[39m

[31m[1m[7m FAIL [27m[22m[39m 
tests/pr34-acceptance.test.ts[2m > [22mPR-34 Akcepta─ìn├⌐ 
testy[2m > [22mTask 9: Akcepta─ìn├⌐ testy (3 scen├íre ├ù 3 
profily)[2m > [22m0/600/20: yield_C < yield_B < yield_G, 
risk_C < risk_B < risk_G, gold hierarchy
[31m[1m[7m FAIL [27m[22m[39m 
tests/pr34-acceptance.test.ts[2m > [22mPR-34 Akcepta─ìn├⌐ 
testy[2m > [22mTask 9: Akcepta─ìn├⌐ testy (3 scen├íre ├ù 3 
profily)[2m > [22m98k/600/23: yield_C < yield_B < yield_G, 
risk_C < risk_B < risk_G, gold hierarchy
[31m[1mAssertionError[22m: expected 1 to be +0 // Object.is 
equality[39m

[32m- Expected[39m
[31m+ Received[39m

[32m- 0[39m
[31m+ 1[39m

[36m [2mΓ¥»[22m 
tests/pr34-acceptance.test.ts:[2m150:42[22m[39m
    [90m148| [39m        
    [90m149| [39m        [90m// Assert: NO validation errors 
(┼╛iadne warnings)[39m
    [90m150| [39m        [34mexpect[39m(balanced[33m.[39mw
arnings[33m.[39mlength)[33m.[39m[34mtoBe[39m([34m0[39m)
[33m;[39m
    [90m   | [39m                                         
[31m^[39m
    [90m151| [39m        [34mexpect[39m(growth[33m.[39mwar
nings[33m.[39mlength)[33m.[39m[34mtoBe[39m([34m0[39m)[3
3m;[39m
    [90m152| [39m        

[31m[2mΓÄ»ΓÄ»ΓÄ»ΓÄ»ΓÄ»ΓÄ»ΓÄ»ΓÄ»ΓÄ»ΓÄ»ΓÄ»ΓÄ»ΓÄ»ΓÄ»ΓÄ»ΓÄ»ΓÄ»ΓÄ»Γ
Ä»ΓÄ»ΓÄ»ΓÄ»ΓÄ»ΓÄ»[2/4]ΓÄ»[22m[39m

[31m[1m[7m FAIL [27m[22m[39m 
tests/pr34-acceptance.test.ts[2m > [22mPR-34 Akcepta─ìn├⌐ 
testy[2m > [22mTask 9: Akcepta─ìn├⌐ testy (3 scen├íre ├ù 3 
profily)[2m > [22m10k/300/20: yield_C < yield_B < yield_G, 
risk_C < risk_B < risk_G, gold hierarchy
[31m[1mAssertionError[22m: expected 10.460600000000001 to be 
greater than 10.6411[39m
[36m [2mΓ¥»[22m 
tests/pr34-acceptance.test.ts:[2m135:30[22m[39m
    [90m133| [39m        [90m// Assert: yield_C < yield_B < 
yield_G (min 0.3/0.5 p.b. gaps)[39m
    [90m134| [39m        [34mexpect[39m(balanced[33m.[39m
[35myield[39m)[33m.[39m[34mtoBeGreaterThan[39m(conservative
[33m.[39m[35myield[39m [33m+[39m [34m0.[39mΓÇª
    [90m135| [39m        [34mexpect[39m(growth[33m.[39m[3
5myield[39m)[33m.[39m[34mtoBeGreaterThan[39m(balanced[33m.
[39m[35myield[39m [33m+[39m [34m0.5[39m)[33m;[39m
    [90m   | [39m                             [31m^[39m
[2m Test Files [22m [1m[31m1 failed[39m[22m[90m (1)[39m
    [90m136| [39m        
[2m      Tests [22m [1m[31m4 failed[39m[22m[90m (4)[39m
[2m   Start at [22m 19:17:48
[2m   Duration [22m 3.24s[2m (transform 347ms, setup 317ms, collect 381ms, tests 101ms, environment 1.30s, prepare 677ms)[22m

    [90m137| [39m        [90m// Assert: risk_C < risk_B < 
risk_G[39m

[31m[2mΓÄ»ΓÄ»ΓÄ»ΓÄ»ΓÄ»ΓÄ»ΓÄ»ΓÄ»ΓÄ»ΓÄ»ΓÄ»ΓÄ»ΓÄ»ΓÄ»ΓÄ»ΓÄ»ΓÄ»ΓÄ»Γ
Ä»ΓÄ»ΓÄ»ΓÄ»ΓÄ»ΓÄ»[3/4]ΓÄ»[22m[39m

